Archive member included to satisfy reference by file (symbol)

c:/st/stm32cubeide_1.10.1/stm32cubeide/plugins/com.st.stm32cube.ide.mcu.externaltools.gnu-tools-for-stm32.10.3-2021.10.win32_1.0.0.202111181127/tools/bin/../lib/gcc/arm-none-eabi/10.3.1/../../../../arm-none-eabi/lib/thumb/v7e-m+fp/hard\libc_nano.a(lib_a-errno.o)
                              ./Core/Src/syscalls.o (__errno)
c:/st/stm32cubeide_1.10.1/stm32cubeide/plugins/com.st.stm32cube.ide.mcu.externaltools.gnu-tools-for-stm32.10.3-2021.10.win32_1.0.0.202111181127/tools/bin/../lib/gcc/arm-none-eabi/10.3.1/../../../../arm-none-eabi/lib/thumb/v7e-m+fp/hard\libc_nano.a(lib_a-exit.o)
                              c:/st/stm32cubeide_1.10.1/stm32cubeide/plugins/com.st.stm32cube.ide.mcu.externaltools.gnu-tools-for-stm32.10.3-2021.10.win32_1.0.0.202111181127/tools/bin/../lib/gcc/arm-none-eabi/10.3.1/../../../../arm-none-eabi/lib/thumb/v7e-m+fp/hard/crt0.o (exit)
c:/st/stm32cubeide_1.10.1/stm32cubeide/plugins/com.st.stm32cube.ide.mcu.externaltools.gnu-tools-for-stm32.10.3-2021.10.win32_1.0.0.202111181127/tools/bin/../lib/gcc/arm-none-eabi/10.3.1/../../../../arm-none-eabi/lib/thumb/v7e-m+fp/hard\libc_nano.a(lib_a-impure.o)
                              c:/st/stm32cubeide_1.10.1/stm32cubeide/plugins/com.st.stm32cube.ide.mcu.externaltools.gnu-tools-for-stm32.10.3-2021.10.win32_1.0.0.202111181127/tools/bin/../lib/gcc/arm-none-eabi/10.3.1/../../../../arm-none-eabi/lib/thumb/v7e-m+fp/hard\libc_nano.a(lib_a-exit.o) (_global_impure_ptr)
c:/st/stm32cubeide_1.10.1/stm32cubeide/plugins/com.st.stm32cube.ide.mcu.externaltools.gnu-tools-for-stm32.10.3-2021.10.win32_1.0.0.202111181127/tools/bin/../lib/gcc/arm-none-eabi/10.3.1/../../../../arm-none-eabi/lib/thumb/v7e-m+fp/hard\libc_nano.a(lib_a-init.o)
                              c:/st/stm32cubeide_1.10.1/stm32cubeide/plugins/com.st.stm32cube.ide.mcu.externaltools.gnu-tools-for-stm32.10.3-2021.10.win32_1.0.0.202111181127/tools/bin/../lib/gcc/arm-none-eabi/10.3.1/../../../../arm-none-eabi/lib/thumb/v7e-m+fp/hard/crt0.o (__libc_init_array)
c:/st/stm32cubeide_1.10.1/stm32cubeide/plugins/com.st.stm32cube.ide.mcu.externaltools.gnu-tools-for-stm32.10.3-2021.10.win32_1.0.0.202111181127/tools/bin/../lib/gcc/arm-none-eabi/10.3.1/../../../../arm-none-eabi/lib/thumb/v7e-m+fp/hard\libc_nano.a(lib_a-memset.o)
                              c:/st/stm32cubeide_1.10.1/stm32cubeide/plugins/com.st.stm32cube.ide.mcu.externaltools.gnu-tools-for-stm32.10.3-2021.10.win32_1.0.0.202111181127/tools/bin/../lib/gcc/arm-none-eabi/10.3.1/../../../../arm-none-eabi/lib/thumb/v7e-m+fp/hard/crt0.o (memset)
c:/st/stm32cubeide_1.10.1/stm32cubeide/plugins/com.st.stm32cube.ide.mcu.externaltools.gnu-tools-for-stm32.10.3-2021.10.win32_1.0.0.202111181127/tools/bin/../lib/gcc/arm-none-eabi/10.3.1/thumb/v7e-m+fp/hard\libgcc.a(_arm_addsubdf3.o)
                              ./Core/Src/BME280_STM32.o (__aeabi_ui2d)
c:/st/stm32cubeide_1.10.1/stm32cubeide/plugins/com.st.stm32cube.ide.mcu.externaltools.gnu-tools-for-stm32.10.3-2021.10.win32_1.0.0.202111181127/tools/bin/../lib/gcc/arm-none-eabi/10.3.1/thumb/v7e-m+fp/hard\libgcc.a(_arm_muldivdf3.o)
                              ./Core/Src/BME280_STM32.o (__aeabi_ddiv)
c:/st/stm32cubeide_1.10.1/stm32cubeide/plugins/com.st.stm32cube.ide.mcu.externaltools.gnu-tools-for-stm32.10.3-2021.10.win32_1.0.0.202111181127/tools/bin/../lib/gcc/arm-none-eabi/10.3.1/thumb/v7e-m+fp/hard\libgcc.a(_arm_truncdfsf2.o)
                              ./Core/Src/BME280_STM32.o (__aeabi_d2f)
c:/st/stm32cubeide_1.10.1/stm32cubeide/plugins/com.st.stm32cube.ide.mcu.externaltools.gnu-tools-for-stm32.10.3-2021.10.win32_1.0.0.202111181127/tools/bin/../lib/gcc/arm-none-eabi/10.3.1/thumb/v7e-m+fp/hard\libgcc.a(_aeabi_ldivmod.o)
                              ./Core/Src/BME280_STM32.o (__aeabi_ldivmod)
c:/st/stm32cubeide_1.10.1/stm32cubeide/plugins/com.st.stm32cube.ide.mcu.externaltools.gnu-tools-for-stm32.10.3-2021.10.win32_1.0.0.202111181127/tools/bin/../lib/gcc/arm-none-eabi/10.3.1/thumb/v7e-m+fp/hard\libgcc.a(_aeabi_uldivmod.o)
                              ./Drivers/STM32F4xx_HAL_Driver/Src/stm32f4xx_hal_rcc.o (__aeabi_uldivmod)
c:/st/stm32cubeide_1.10.1/stm32cubeide/plugins/com.st.stm32cube.ide.mcu.externaltools.gnu-tools-for-stm32.10.3-2021.10.win32_1.0.0.202111181127/tools/bin/../lib/gcc/arm-none-eabi/10.3.1/thumb/v7e-m+fp/hard\libgcc.a(_udivmoddi4.o)
                              c:/st/stm32cubeide_1.10.1/stm32cubeide/plugins/com.st.stm32cube.ide.mcu.externaltools.gnu-tools-for-stm32.10.3-2021.10.win32_1.0.0.202111181127/tools/bin/../lib/gcc/arm-none-eabi/10.3.1/thumb/v7e-m+fp/hard\libgcc.a(_aeabi_ldivmod.o) (__udivmoddi4)
c:/st/stm32cubeide_1.10.1/stm32cubeide/plugins/com.st.stm32cube.ide.mcu.externaltools.gnu-tools-for-stm32.10.3-2021.10.win32_1.0.0.202111181127/tools/bin/../lib/gcc/arm-none-eabi/10.3.1/thumb/v7e-m+fp/hard\libgcc.a(_dvmd_tls.o)
[...]
Memory Configuration

Name             Origin             Length             Attributes
RAM              0x0000000020000000 0x0000000000018000 xrw
FLASH            0x0000000008000000 0x0000000000080000 xr
*default*        0x0000000000000000 0xffffffffffffffff

Linker script and memory map

LOAD c:/st/stm32cubeide_1.10.1/stm32cubeide/plugins/com.st.stm32cube.ide.mcu.externaltools.gnu-tools-for-stm32.10.3-2021.10.win32_1.0.0.202111181127/tools/bin/../lib/gcc/arm-none-eabi/10.3.1/thumb/v7e-m+fp/hard/crti.o
LOAD c:/st/stm32cubeide_1.10.1/stm32cubeide/plugins/com.st.stm32cube.ide.mcu.externaltools.gnu-tools-for-stm32.10.3-2021.10.win32_1.0.0.202111181127/tools/bin/../lib/gcc/arm-none-eabi/10.3.1/thumb/v7e-m+fp/hard/crtbegin.o
LOAD c:/st/stm32cubeide_1.10.1/stm32cubeide/plugins/com.st.stm32cube.ide.mcu.externaltools.gnu-tools-for-stm32.10.3-2021.10.win32_1.0.0.202111181127/tools/bin/../lib/gcc/arm-none-eabi/10.3.1/../../../../arm-none-eabi/lib/thumb/v7e-m+fp/hard/crt0.o
LOAD ./Core/Src/BME280_STM32.o
LOAD ./Core/Src/i2c-lcd.o
LOAD ./Core/Src/main.o
LOAD ./Core/Src/stm32f4xx_hal_msp.o
LOAD ./Core/Src/stm32f4xx_it.o
LOAD ./Core/Src/syscalls.o
LOAD ./Core/Src/sysmem.o
LOAD ./Core/Src/system_stm32f4xx.o
LOAD ./Core/Startup/startup_stm32f401retx.o
LOAD ./Drivers/STM32F4xx_HAL_Driver/Src/stm32f4xx_hal.o
LOAD ./Drivers/STM32F4xx_HAL_Driver/Src/stm32f4xx_hal_adc.o
LOAD ./Drivers/STM32F4xx_HAL_Driver/Src/stm32f4xx_hal_adc_ex.o
LOAD ./Drivers/STM32F4xx_HAL_Driver/Src/stm32f4xx_hal_cortex.o
LOAD ./Drivers/STM32F4xx_HAL_Driver/Src/stm32f4xx_hal_dma.o
LOAD ./Drivers/STM32F4xx_HAL_Driver/Src/stm32f4xx_hal_dma_ex.o
LOAD ./Drivers/STM32F4xx_HAL_Driver/Src/stm32f4xx_hal_exti.o
LOAD ./Drivers/STM32F4xx_HAL_Driver/Src/stm32f4xx_hal_flash.o
LOAD ./Drivers/STM32F4xx_HAL_Driver/Src/stm32f4xx_hal_flash_ex.o
LOAD ./Drivers/STM32F4xx_HAL_Driver/Src/stm32f4xx_hal_flash_ramfunc.o
LOAD ./Drivers/STM32F4xx_HAL_Driver/Src/stm32f4xx_hal_gpio.o
LOAD ./Drivers/STM32F4xx_HAL_Driver/Src/stm32f4xx_hal_i2c.o
LOAD ./Drivers/STM32F4xx_HAL_Driver/Src/stm32f4xx_hal_i2c_ex.o
LOAD ./Drivers/STM32F4xx_HAL_Driver/Src/stm32f4xx_hal_pwr.o
LOAD ./Drivers/STM32F4xx_HAL_Driver/Src/stm32f4xx_hal_pwr_ex.o
LOAD ./Drivers/STM32F4xx_HAL_Driver/Src/stm32f4xx_hal_rcc.o
LOAD ./Drivers/STM32F4xx_HAL_Driver/Src/stm32f4xx_hal_rcc_ex.o
LOAD ./Drivers/STM32F4xx_HAL_Driver/Src/stm32f4xx_hal_tim.o
LOAD ./Drivers/STM32F4xx_HAL_Driver/Src/stm32f4xx_hal_tim_ex.o
LOAD ./Drivers/STM32F4xx_HAL_Driver/Src/stm32f4xx_ll_adc.o
START GROUP
LOAD c:/st/stm32cubeide_1.10.1/stm32cubeide/plugins/com.st.stm32cube.ide.mcu.externaltools.gnu-tools-for-stm32.10.3-2021.10.win32_1.0.0.202111181127/tools/bin/../lib/gcc/arm-none-eabi/10.3.1/../../../../arm-none-eabi/lib/thumb/v7e-m+fp/hard\libc_nano.a
LOAD c:/st/stm32cubeide_1.10.1/stm32cubeide/plugins/com.st.stm32cube.ide.mcu.externaltools.gnu-tools-for-stm32.10.3-2021.10.win32_1.0.0.202111181127/tools/bin/../lib/gcc/arm-none-eabi/10.3.1/../../../../arm-none-eabi/lib/thumb/v7e-m+fp/hard\libm.a
END GROUP
START GROUP
LOAD c:/st/stm32cubeide_1.10.1/stm32cubeide/plugins/com.st.stm32cube.ide.mcu.externaltools.gnu-tools-for-stm32.10.3-2021.10.win32_1.0.0.202111181127/tools/bin/../lib/gcc/arm-none-eabi/10.3.1/thumb/v7e-m+fp/hard\libgcc.a
LOAD c:/st/stm32cubeide_1.10.1/stm32cubeide/plugins/com.st.stm32cube.ide.mcu.externaltools.gnu-tools-for-stm32.10.3-2021.10.win32_1.0.0.202111181127/tools/bin/../lib/gcc/arm-none-eabi/10.3.1/../../../../arm-none-eabi/lib/thumb/v7e-m+fp/hard\libc_nano.a
END GROUP
START GROUP
LOAD c:/st/stm32cubeide_1.10.1/stm32cubeide/plugins/com.st.stm32cube.ide.mcu.externaltools.gnu-tools-for-stm32.10.3-2021.10.win32_1.0.0.202111181127/tools/bin/../lib/gcc/arm-none-eabi/10.3.1/thumb/v7e-m+fp/hard\libgcc.a
LOAD c:/st/stm32cubeide_1.10.1/stm32cubeide/plugins/com.st.stm32cube.ide.mcu.externaltools.gnu-tools-for-stm32.10.3-2021.10.win32_1.0.0.202111181127/tools/bin/../lib/gcc/arm-none-eabi/10.3.1/../../../../arm-none-eabi/lib/thumb/v7e-m+fp/hard\libc_nano.a
LOAD c:/st/stm32cubeide_1.10.1/stm32cubeide/plugins/com.st.stm32cube.ide.mcu.externaltools.gnu-tools-for-stm32.10.3-2021.10.win32_1.0.0.202111181127/tools/bin/../lib/gcc/arm-none-eabi/10.3.1/../../../../arm-none-eabi/lib/thumb/v7e-m+fp/hard\libnosys.a
END GROUP
START GROUP
LOAD c:/st/stm32cubeide_1.10.1/stm32cubeide/plugins/com.st.stm32cube.ide.mcu.externaltools.gnu-tools-for-stm32.10.3-2021.10.win32_1.0.0.202111181127/tools/bin/../lib/gcc/arm-none-eabi/10.3.1/thumb/v7e-m+fp/hard\libgcc.a
LOAD c:/st/stm32cubeide_1.10.1/stm32cubeide/plugins/com.st.stm32cube.ide.mcu.externaltools.gnu-tools-for-stm32.10.3-2021.10.win32_1.0.0.202111181127/tools/bin/../lib/gcc/arm-none-eabi/10.3.1/../../../../arm-none-eabi/lib/thumb/v7e-m+fp/hard\libc_nano.a
LOAD c:/st/stm32cubeide_1.10.1/stm32cubeide/plugins/com.st.stm32cube.ide.mcu.externaltools.gnu-tools-for-stm32.10.3-2021.10.win32_1.0.0.202111181127/tools/bin/../lib/gcc/arm-none-eabi/10.3.1/../../../../arm-none-eabi/lib/thumb/v7e-m+fp/hard\libnosys.a
END GROUP
LOAD c:/st/stm32cubeide_1.10.1/stm32cubeide/plugins/com.st.stm32cube.ide.mcu.externaltools.gnu-tools-for-stm32.10.3-2021.10.win32_1.0.0.202111181127/tools/bin/../lib/gcc/arm-none-eabi/10.3.1/thumb/v7e-m+fp/hard/crtend.o
LOAD c:/st/stm32cubeide_1.10.1/stm32cubeide/plugins/com.st.stm32cube.ide.mcu.externaltools.gnu-tools-for-stm32.10.3-2021.10.win32_1.0.0.202111181127/tools/bin/../lib/gcc/arm-none-eabi/10.3.1/thumb/v7e-m+fp/hard/crtn.o
                0x0000000020018000                _estack = (ORIGIN (RAM) + LENGTH (RAM))
                0x0000000000000200                _Min_Heap_Size = 0x200
                0x0000000000000400                _Min_Stack_Size = 0x400

.isr_vector     0x0000000008000000      0x194
                0x0000000008000000                . = ALIGN (0x4)
 *(.isr_vector)
 .isr_vector    0x0000000008000000      0x194 ./Core/Startup/startup_stm32f401retx.o
                0x0000000008000000                g_pfnVectors
                0x0000000008000194                . = ALIGN (0x4)

.text           0x0000000008000194     0x4538
                0x0000000008000194                . = ALIGN (0x4)
 *(.text)
 .text          0x0000000008000194       0x40 c:/st/stm32cubeide_1.10.1/stm32cubeide/plugins/com.st.stm32cube.ide.mcu.externaltools.gnu-tools-for-stm32.10.3-2021.10.win32_1.0.0.202111181127/tools/bin/../lib/gcc/arm-none-eabi/10.3.1/thumb/v7e-m+fp/hard/crtbegin.o
 .text          0x00000000080001d4      0x378 c:/st/stm32cubeide_1.10.1/stm32cubeide/plugins/com.st.stm32cube.ide.mcu.externaltools.gnu-tools-for-stm32.10.3-2021.10.win32_1.0.0.202111181127/tools/bin/../lib/gcc/arm-none-eabi/10.3.1/thumb/v7e-m+fp/hard\libgcc.a(_arm_addsubdf3.o)
                0x00000000080001d4                __aeabi_drsub
                0x00000000080001dc                __aeabi_dsub
                0x00000000080001dc                __subdf3
                0x00000000080001e0                __aeabi_dadd
                0x00000000080001e0                __adddf3
                0x0000000008000458                __floatunsidf
                0x0000000008000458                __aeabi_ui2d
                0x0000000008000478                __floatsidf
                0x0000000008000478                __aeabi_i2d
                0x000000000800049c                __aeabi_f2d
                0x000000000800049c                __extendsfdf2
                0x00000000080004e0                __floatundidf
                0x00000000080004e0                __aeabi_ul2d
                0x00000000080004f0                __floatdidf
                0x00000000080004f0                __aeabi_l2d
 .text          0x000000000800054c      0x424 c:/st/stm32cubeide_1.10.1/stm32cubeide/plugins/com.st.stm32cube.ide.mcu.externaltools.gnu-tools-for-stm32.10.3-2021.10.win32_1.0.0.202111181127/tools/bin/../lib/gcc/arm-none-eabi/10.3.1/thumb/v7e-m+fp/hard\libgcc.a(_arm_muldivdf3.o)
                0x000000000800054c                __aeabi_dmul
                0x000000000800054c                __muldf3
                0x00000000080007a0                __divdf3
                0x00000000080007a0                __aeabi_ddiv
 .text          0x0000000008000970       0xa0 c:/st/stm32cubeide_1.10.1/stm32cubeide/plugins/com.st.stm32cube.ide.mcu.externaltools.gnu-tools-for-stm32.10.3-2021.10.win32_1.0.0.202111181127/tools/bin/../lib/gcc/arm-none-eabi/10.3.1/thumb/v7e-m+fp/hard\libgcc.a(_arm_truncdfsf2.o)
                0x0000000008000970                __truncdfsf2
                0x0000000008000970                __aeabi_d2f
 .text          0x0000000008000a10       0xa0 c:/st/stm32cubeide_1.10.1/stm32cubeide/plugins/com.st.stm32cube.ide.mcu.externaltools.gnu-tools-for-stm32.10.3-2021.10.win32_1.0.0.202111181127/tools/bin/../lib/gcc/arm-none-eabi/10.3.1/thumb/v7e-m+fp/hard\libgcc.a(_aeabi_ldivmod.o)
                0x0000000008000a10                __aeabi_ldivmod
 .text          0x0000000008000ab0       0x30 c:/st/stm32cubeide_1.10.1/stm32cubeide/plugins/com.st.stm32cube.ide.mcu.externaltools.gnu-tools-for-stm32.10.3-2021.10.win32_1.0.0.202111181127/tools/bin/../lib/gcc/arm-none-eabi/10.3.1/thumb/v7e-m+fp/hard\libgcc.a(_aeabi_uldivmod.o)
                0x0000000008000ab0                __aeabi_uldivmod
 .text          0x0000000008000ae0      0x2d0 c:/st/stm32cubeide_1.10.1/stm32cubeide/plugins/com.st.stm32cube.ide.mcu.externaltools.gnu-tools-for-stm32.10.3-2021.10.win32_1.0.0.202111181127/tools/bin/../lib/gcc/arm-none-eabi/10.3.1/thumb/v7e-m+fp/hard\libgcc.a(_udivmoddi4.o)
                0x0000000008000ae0                __udivmoddi4
 .text          0x0000000008000db0        0x4 c:/st/stm32cubeide_1.10.1/stm32cubeide/plugins/com.st.stm32cube.ide.mcu.externaltools.gnu-tools-for-stm32.10.3-2021.10.win32_1.0.0.202111181127/tools/bin/../lib/gcc/arm-none-eabi/10.3.1/thumb/v7e-m+fp/hard\libgcc.a(_dvmd_tls.o)
                0x0000000008000db0                __aeabi_idiv0
                0x0000000008000db0                __aeabi_ldiv0
 *(.text*)
 .text.TrimRead
                0x0000000008000db4      0x1c4 ./Core/Src/BME280_STM32.o
                0x0000000008000db4                TrimRead
 .text.BME280_Config
                0x0000000008000f78      0x1ac ./Core/Src/BME280_STM32.o
                0x0000000008000f78                BME280_Config
 .text.BMEReadRaw
                0x0000000008001124       0xa0 ./Core/Src/BME280_STM32.o
                0x0000000008001124                BMEReadRaw
 .text.BME280_compensate_T_int32
                0x00000000080011c4       0x84 ./Core/Src/BME280_STM32.o
                0x00000000080011c4                BME280_compensate_T_int32
 .text.BME280_compensate_P_int64
                0x0000000008001248      0x58c ./Core/Src/BME280_STM32.o
                0x0000000008001248                BME280_compensate_P_int64
 .text.bme280_compensate_H_int32
                0x00000000080017d4       0xd8 ./Core/Src/BME280_STM32.o
                0x00000000080017d4                bme280_compensate_H_int32
 .text.BME280_Measure
                0x00000000080018ac      0x118 ./Core/Src/BME280_STM32.o
                0x00000000080018ac                BME280_Measure
 .text.lcd_send_cmd
                0x00000000080019c4       0x60 ./Core/Src/i2c-lcd.o
                0x00000000080019c4                lcd_send_cmd
 .text.lcd_send_data
                0x0000000008001a24       0x60 ./Core/Src/i2c-lcd.o
                0x0000000008001a24                lcd_send_data
 .text.lcd_init
                0x0000000008001a84       0x7a ./Core/Src/i2c-lcd.o
                0x0000000008001a84                lcd_init
 .text.lcd_send_string
                0x0000000008001afe       0x2a ./Core/Src/i2c-lcd.o
                0x0000000008001afe                lcd_send_string
 .text.main     0x0000000008001b28       0x4c ./Core/Src/main.o
                0x0000000008001b28                main
 .text.SystemClock_Config
                0x0000000008001b74       0xd4 ./Core/Src/main.o
                0x0000000008001b74                SystemClock_Config
 .text.MX_ADC1_Init
                0x0000000008001c48       0xa4 ./Core/Src/main.o
 .text.MX_I2C1_Init
                0x0000000008001cec       0x5c ./Core/Src/main.o
 .text.MX_GPIO_Init
                0x0000000008001d48       0x88 ./Core/Src/main.o
 .text.Error_Handler
                0x0000000008001dd0        0xa ./Core/Src/main.o
                0x0000000008001dd0                Error_Handler
 *fill*         0x0000000008001dda        0x2 
 .text.HAL_MspInit
                0x0000000008001ddc       0x50 ./Core/Src/stm32f4xx_hal_msp.o
                0x0000000008001ddc                HAL_MspInit
 .text.HAL_ADC_MspInit
                0x0000000008001e2c       0x88 ./Core/Src/stm32f4xx_hal_msp.o
                0x0000000008001e2c                HAL_ADC_MspInit
 .text.HAL_I2C_MspInit
                0x0000000008001eb4       0x90 ./Core/Src/stm32f4xx_hal_msp.o
                0x0000000008001eb4                HAL_I2C_MspInit
 .text.NMI_Handler
                0x0000000008001f44        0x6 ./Core/Src/stm32f4xx_it.o
                0x0000000008001f44                NMI_Handler
 .text.HardFault_Handler
                0x0000000008001f4a        0x6 ./Core/Src/stm32f4xx_it.o
                0x0000000008001f4a                HardFault_Handler
 .text.MemManage_Handler
                0x0000000008001f50        0x6 ./Core/Src/stm32f4xx_it.o
                0x0000000008001f50                MemManage_Handler
 .text.BusFault_Handler
                0x0000000008001f56        0x6 ./Core/Src/stm32f4xx_it.o
                0x0000000008001f56                BusFault_Handler
 .text.UsageFault_Handler
                0x0000000008001f5c        0x6 ./Core/Src/stm32f4xx_it.o
                0x0000000008001f5c                UsageFault_Handler
 .text.SVC_Handler
                0x0000000008001f62        0xe ./Core/Src/stm32f4xx_it.o
                0x0000000008001f62                SVC_Handler
 .text.DebugMon_Handler
                0x0000000008001f70        0xe ./Core/Src/stm32f4xx_it.o
                0x0000000008001f70                DebugMon_Handler
 .text.PendSV_Handler
                0x0000000008001f7e        0xe ./Core/Src/stm32f4xx_it.o
                0x0000000008001f7e                PendSV_Handler
 .text.SysTick_Handler
                0x0000000008001f8c        0xc ./Core/Src/stm32f4xx_it.o
                0x0000000008001f8c                SysTick_Handler
 .text.SystemInit
                0x0000000008001f98       0x24 ./Core/Src/system_stm32f4xx.o
                0x0000000008001f98                SystemInit
 .text.Reset_Handler
                0x0000000008001fbc       0x50 ./Core/Startup/startup_stm32f401retx.o
                0x0000000008001fbc                Reset_Handler
 .text.Default_Handler
                0x000000000800200c        0x2 ./Core/Startup/startup_stm32f401retx.o
                0x000000000800200c                RTC_Alarm_IRQHandler
                0x000000000800200c                EXTI2_IRQHandler
                0x000000000800200c                SPI4_IRQHandler
                0x000000000800200c                TIM1_CC_IRQHandler
                0x000000000800200c                DMA2_Stream5_IRQHandler
                0x000000000800200c                DMA1_Stream5_IRQHandler
                0x000000000800200c                PVD_IRQHandler
                0x000000000800200c                SDIO_IRQHandler
                0x000000000800200c                TAMP_STAMP_IRQHandler
                0x000000000800200c                EXTI3_IRQHandler
                0x000000000800200c                TIM1_UP_TIM10_IRQHandler
                0x000000000800200c                I2C3_ER_IRQHandler
                0x000000000800200c                EXTI0_IRQHandler
                0x000000000800200c                I2C2_EV_IRQHandler
                0x000000000800200c                DMA1_Stream2_IRQHandler
                0x000000000800200c                FPU_IRQHandler
                0x000000000800200c                DMA2_Stream2_IRQHandler
                0x000000000800200c                SPI1_IRQHandler
                0x000000000800200c                TIM1_BRK_TIM9_IRQHandler
                0x000000000800200c                DMA2_Stream3_IRQHandler
                0x000000000800200c                USART6_IRQHandler
                0x000000000800200c                DMA2_Stream0_IRQHandler
                0x000000000800200c                TIM4_IRQHandler
                0x000000000800200c                I2C1_EV_IRQHandler
                0x000000000800200c                DMA1_Stream6_IRQHandler
                0x000000000800200c                DMA1_Stream1_IRQHandler
                0x000000000800200c                TIM3_IRQHandler
                0x000000000800200c                RCC_IRQHandler
                0x000000000800200c                Default_Handler
                0x000000000800200c                EXTI15_10_IRQHandler
                0x000000000800200c                ADC_IRQHandler
                0x000000000800200c                DMA1_Stream7_IRQHandler
                0x000000000800200c                TIM5_IRQHandler
                0x000000000800200c                DMA2_Stream7_IRQHandler
                0x000000000800200c                I2C3_EV_IRQHandler
                0x000000000800200c                EXTI9_5_IRQHandler
                0x000000000800200c                RTC_WKUP_IRQHandler
                0x000000000800200c                SPI2_IRQHandler
                0x000000000800200c                DMA1_Stream0_IRQHandler
                0x000000000800200c                EXTI4_IRQHandler
                0x000000000800200c                WWDG_IRQHandler
                0x000000000800200c                TIM2_IRQHandler
                0x000000000800200c                OTG_FS_WKUP_IRQHandler
                0x000000000800200c                TIM1_TRG_COM_TIM11_IRQHandler
                0x000000000800200c                EXTI1_IRQHandler
                0x000000000800200c                USART2_IRQHandler
                0x000000000800200c                I2C2_ER_IRQHandler
                0x000000000800200c                DMA2_Stream1_IRQHandler
                0x000000000800200c                FLASH_IRQHandler
                0x000000000800200c                DMA2_Stream4_IRQHandler
                0x000000000800200c                USART1_IRQHandler
                0x000000000800200c                OTG_FS_IRQHandler
                0x000000000800200c                SPI3_IRQHandler
                0x000000000800200c                DMA1_Stream4_IRQHandler
                0x000000000800200c                I2C1_ER_IRQHandler
                0x000000000800200c                DMA2_Stream6_IRQHandler
                0x000000000800200c                DMA1_Stream3_IRQHandler
 *fill*         0x000000000800200e        0x2 
 .text.HAL_Init
                0x0000000008002010       0x44 ./Drivers/STM32F4xx_HAL_Driver/Src/stm32f4xx_hal.o
                0x0000000008002010                HAL_Init
 .text.HAL_InitTick
                0x0000000008002054       0x60 ./Drivers/STM32F4xx_HAL_Driver/Src/stm32f4xx_hal.o
                0x0000000008002054                HAL_InitTick
 .text.HAL_IncTick
                0x00000000080020b4       0x28 ./Drivers/STM32F4xx_HAL_Driver/Src/stm32f4xx_hal.o
                0x00000000080020b4                HAL_IncTick
 .text.HAL_GetTick
                0x00000000080020dc       0x18 ./Drivers/STM32F4xx_HAL_Driver/Src/stm32f4xx_hal.o
                0x00000000080020dc                HAL_GetTick
 .text.HAL_Delay
                0x00000000080020f4       0x48 ./Drivers/STM32F4xx_HAL_Driver/Src/stm32f4xx_hal.o
                0x00000000080020f4                HAL_Delay
 .text.HAL_ADC_Init
                0x000000000800213c       0x86 ./Drivers/STM32F4xx_HAL_Driver/Src/stm32f4xx_hal_adc.o
                0x000000000800213c                HAL_ADC_Init
 *fill*         0x00000000080021c2        0x2 
 .text.HAL_ADC_ConfigChannel
                0x00000000080021c4      0x244 ./Drivers/STM32F4xx_HAL_Driver/Src/stm32f4xx_hal_adc.o
                0x00000000080021c4                HAL_ADC_ConfigChannel
 .text.ADC_Init
                0x0000000008002408      0x1f8 ./Drivers/STM32F4xx_HAL_Driver/Src/stm32f4xx_hal_adc.o
 .text.__NVIC_SetPriorityGrouping
                0x0000000008002600       0x48 ./Drivers/STM32F4xx_HAL_Driver/Src/stm32f4xx_hal_cortex.o
 .text.__NVIC_GetPriorityGrouping
                0x0000000008002648       0x1c ./Drivers/STM32F4xx_HAL_Driver/Src/stm32f4xx_hal_cortex.o
 .text.__NVIC_SetPriority
                0x0000000008002664       0x54 ./Drivers/STM32F4xx_HAL_Driver/Src/stm32f4xx_hal_cortex.o
 .text.NVIC_EncodePriority
                0x00000000080026b8       0x66 ./Drivers/STM32F4xx_HAL_Driver/Src/stm32f4xx_hal_cortex.o
 *fill*         0x000000000800271e        0x2 
 .text.SysTick_Config
                0x0000000008002720       0x44 ./Drivers/STM32F4xx_HAL_Driver/Src/stm32f4xx_hal_cortex.o
 .text.HAL_NVIC_SetPriorityGrouping
                0x0000000008002764       0x16 ./Drivers/STM32F4xx_HAL_Driver/Src/stm32f4xx_hal_cortex.o
                0x0000000008002764                HAL_NVIC_SetPriorityGrouping
 .text.HAL_NVIC_SetPriority
                0x000000000800277a       0x38 ./Drivers/STM32F4xx_HAL_Driver/Src/stm32f4xx_hal_cortex.o
                0x000000000800277a                HAL_NVIC_SetPriority
 .text.HAL_SYSTICK_Config
                0x00000000080027b2       0x18 ./Drivers/STM32F4xx_HAL_Driver/Src/stm32f4xx_hal_cortex.o
                0x00000000080027b2                HAL_SYSTICK_Config
 *fill*         0x00000000080027ca        0x2 
 .text.HAL_GPIO_Init
                0x00000000080027cc      0x308 ./Drivers/STM32F4xx_HAL_Driver/Src/stm32f4xx_hal_gpio.o
                0x00000000080027cc                HAL_GPIO_Init
 .text.HAL_I2C_Init
                0x0000000008002ad4      0x288 ./Drivers/STM32F4xx_HAL_Driver/Src/stm32f4xx_hal_i2c.o
                0x0000000008002ad4                HAL_I2C_Init
 .text.HAL_I2C_Master_Transmit
                0x0000000008002d5c      0x1fc ./Drivers/STM32F4xx_HAL_Driver/Src/stm32f4xx_hal_i2c.o
                0x0000000008002d5c                HAL_I2C_Master_Transmit
 .text.HAL_I2C_Mem_Write
                0x0000000008002f58      0x1f4 ./Drivers/STM32F4xx_HAL_Driver/Src/stm32f4xx_hal_i2c.o
                0x0000000008002f58                HAL_I2C_Mem_Write
 .text.HAL_I2C_Mem_Read
                0x000000000800314c      0x44c ./Drivers/STM32F4xx_HAL_Driver/Src/stm32f4xx_hal_i2c.o
                0x000000000800314c                HAL_I2C_Mem_Read
 .text.I2C_MasterRequestWrite
                0x0000000008003598      0x104 ./Drivers/STM32F4xx_HAL_Driver/Src/stm32f4xx_hal_i2c.o
 .text.I2C_RequestMemoryWrite
                0x000000000800369c      0x12c ./Drivers/STM32F4xx_HAL_Driver/Src/stm32f4xx_hal_i2c.o
 .text.I2C_RequestMemoryRead
                0x00000000080037c8      0x1d0 ./Drivers/STM32F4xx_HAL_Driver/Src/stm32f4xx_hal_i2c.o
 .text.I2C_WaitOnFlagUntilTimeout
                0x0000000008003998       0xae ./Drivers/STM32F4xx_HAL_Driver/Src/stm32f4xx_hal_i2c.o
 .text.I2C_WaitOnMasterAddressFlagUntilTimeout
                0x0000000008003a46       0xfe ./Drivers/STM32F4xx_HAL_Driver/Src/stm32f4xx_hal_i2c.o
 .text.I2C_WaitOnTXEFlagUntilTimeout
                0x0000000008003b44       0x82 ./Drivers/STM32F4xx_HAL_Driver/Src/stm32f4xx_hal_i2c.o
 .text.I2C_WaitOnBTFFlagUntilTimeout
                0x0000000008003bc6       0x82 ./Drivers/STM32F4xx_HAL_Driver/Src/stm32f4xx_hal_i2c.o
 .text.I2C_WaitOnRXNEFlagUntilTimeout
                0x0000000008003c48       0xac ./Drivers/STM32F4xx_HAL_Driver/Src/stm32f4xx_hal_i2c.o
 .text.I2C_IsAcknowledgeFailed
                0x0000000008003cf4       0x5e ./Drivers/STM32F4xx_HAL_Driver/Src/stm32f4xx_hal_i2c.o
 *fill*         0x0000000008003d52        0x2 
 .text.HAL_RCC_OscConfig
                0x0000000008003d54      0x4f0 ./Drivers/STM32F4xx_HAL_Driver/Src/stm32f4xx_hal_rcc.o
                0x0000000008003d54                HAL_RCC_OscConfig
 .text.HAL_RCC_ClockConfig
                0x0000000008004244      0x1cc ./Drivers/STM32F4xx_HAL_Driver/Src/stm32f4xx_hal_rcc.o
                0x0000000008004244                HAL_RCC_ClockConfig
 .text.HAL_RCC_GetSysClockFreq
                0x0000000008004410      0x20c ./Drivers/STM32F4xx_HAL_Driver/Src/stm32f4xx_hal_rcc.o
                0x0000000008004410                HAL_RCC_GetSysClockFreq
 .text.HAL_RCC_GetHCLKFreq
                0x000000000800461c       0x18 ./Drivers/STM32F4xx_HAL_Driver/Src/stm32f4xx_hal_rcc.o
                0x000000000800461c                HAL_RCC_GetHCLKFreq
 .text.HAL_RCC_GetPCLK1Freq
                0x0000000008004634       0x28 ./Drivers/STM32F4xx_HAL_Driver/Src/stm32f4xx_hal_rcc.o
                0x0000000008004634                HAL_RCC_GetPCLK1Freq
 .text.__libc_init_array
                0x000000000800465c       0x48 c:/st/stm32cubeide_1.10.1/stm32cubeide/plugins/com.st.stm32cube.ide.mcu.externaltools.gnu-tools-for-stm32.10.3-2021.10.win32_1.0.0.202111181127/tools/bin/../lib/gcc/arm-none-eabi/10.3.1/../../../../arm-none-eabi/lib/thumb/v7e-m+fp/hard\libc_nano.a(lib_a-init.o)
                0x000000000800465c                __libc_init_array
 .text.memset   0x00000000080046a4       0x10 c:/st/stm32cubeide_1.10.1/stm32cubeide/plugins/com.st.stm32cube.ide.mcu.externaltools.gnu-tools-for-stm32.10.3-2021.10.win32_1.0.0.202111181127/tools/bin/../lib/gcc/arm-none-eabi/10.3.1/../../../../arm-none-eabi/lib/thumb/v7e-m+fp/hard\libc_nano.a(lib_a-memset.o)
                0x00000000080046a4                memset
 *(.glue_7)
 .glue_7        0x00000000080046b4        0x0 linker stubs
 *(.glue_7t)
 .glue_7t       0x00000000080046b4        0x0 linker stubs
 *(.eh_frame)
 .eh_frame      0x00000000080046b4        0x0 c:/st/stm32cubeide_1.10.1/stm32cubeide/plugins/com.st.stm32cube.ide.mcu.externaltools.gnu-tools-for-stm32.10.3-2021.10.win32_1.0.0.202111181127/tools/bin/../lib/gcc/arm-none-eabi/10.3.1/thumb/v7e-m+fp/hard/crtbegin.o
 *(.init)
 .init          0x00000000080046b4        0x4 c:/st/stm32cubeide_1.10.1/stm32cubeide/plugins/com.st.stm32cube.ide.mcu.externaltools.gnu-tools-for-stm32.10.3-2021.10.win32_1.0.0.202111181127/tools/bin/../lib/gcc/arm-none-eabi/10.3.1/thumb/v7e-m+fp/hard/crti.o
                0x00000000080046b4                _init
 .init          0x00000000080046b8        0x8 c:/st/stm32cubeide_1.10.1/stm32cubeide/plugins/com.st.stm32cube.ide.mcu.externaltools.gnu-tools-for-stm32.10.3-2021.10.win32_1.0.0.202111181127/tools/bin/../lib/gcc/arm-none-eabi/10.3.1/thumb/v7e-m+fp/hard/crtn.o
 *(.fini)
 .fini          0x00000000080046c0        0x4 c:/st/stm32cubeide_1.10.1/stm32cubeide/plugins/com.st.stm32cube.ide.mcu.externaltools.gnu-tools-for-stm32.10.3-2021.10.win32_1.0.0.202111181127/tools/bin/../lib/gcc/arm-none-eabi/10.3.1/thumb/v7e-m+fp/hard/crti.o
                0x00000000080046c0                _fini
 .fini          0x00000000080046c4        0x8 c:/st/stm32cubeide_1.10.1/stm32cubeide/plugins/com.st.stm32cube.ide.mcu.externaltools.gnu-tools-for-stm32.10.3-2021.10.win32_1.0.0.202111181127/tools/bin/../lib/gcc/arm-none-eabi/10.3.1/thumb/v7e-m+fp/hard/crtn.o
                0x00000000080046cc                . = ALIGN (0x4)
                0x00000000080046cc                _etext = .

.vfp11_veneer   0x00000000080046cc        0x0
 .vfp11_veneer  0x00000000080046cc        0x0 linker stubs

.v4_bx          0x00000000080046cc        0x0
 .v4_bx         0x00000000080046cc        0x0 linker stubs

.iplt           0x00000000080046cc        0x0
 .iplt          0x00000000080046cc        0x0 c:/st/stm32cubeide_1.10.1/stm32cubeide/plugins/com.st.stm32cube.ide.mcu.externaltools.gnu-tools-for-stm32.10.3-2021.10.win32_1.0.0.202111181127/tools/bin/../lib/gcc/arm-none-eabi/10.3.1/thumb/v7e-m+fp/hard/crtbegin.o

.rodata         0x00000000080046cc       0x20
                0x00000000080046cc                . = ALIGN (0x4)
 *(.rodata)
 .rodata        0x00000000080046cc        0x5 ./Core/Src/main.o
 *(.rodata*)
 *fill*         0x00000000080046d1        0x3 
 .rodata.AHBPrescTable
                0x00000000080046d4       0x10 ./Core/Src/system_stm32f4xx.o
                0x00000000080046d4                AHBPrescTable
 .rodata.APBPrescTable
                0x00000000080046e4        0x8 ./Core/Src/system_stm32f4xx.o
                0x00000000080046e4                APBPrescTable
                0x00000000080046ec                . = ALIGN (0x4)

.ARM.extab      0x00000000080046ec        0x0
                0x00000000080046ec                . = ALIGN (0x4)
 *(.ARM.extab* .gnu.linkonce.armextab.*)
                0x00000000080046ec                . = ALIGN (0x4)

.ARM            0x00000000080046ec        0x8
                0x00000000080046ec                . = ALIGN (0x4)
                0x00000000080046ec                __exidx_start = .
 *(.ARM.exidx*)
 .ARM.exidx     0x00000000080046ec        0x8 c:/st/stm32cubeide_1.10.1/stm32cubeide/plugins/com.st.stm32cube.ide.mcu.externaltools.gnu-tools-for-stm32.10.3-2021.10.win32_1.0.0.202111181127/tools/bin/../lib/gcc/arm-none-eabi/10.3.1/thumb/v7e-m+fp/hard\libgcc.a(_udivmoddi4.o)
                0x00000000080046f4                __exidx_end = .
                0x00000000080046f4                . = ALIGN (0x4)

.rel.dyn        0x00000000080046f4        0x0
 .rel.iplt      0x00000000080046f4        0x0 c:/st/stm32cubeide_1.10.1/stm32cubeide/plugins/com.st.stm32cube.ide.mcu.externaltools.gnu-tools-for-stm32.10.3-2021.10.win32_1.0.0.202111181127/tools/bin/../lib/gcc/arm-none-eabi/10.3.1/thumb/v7e-m+fp/hard/crtbegin.o

.preinit_array  0x00000000080046f4        0x0
                0x00000000080046f4                . = ALIGN (0x4)
                0x00000000080046f4                PROVIDE (__preinit_array_start = .)
 *(.preinit_array*)
                0x00000000080046f4                PROVIDE (__preinit_array_end = .)
                0x00000000080046f4                . = ALIGN (0x4)

.init_array     0x00000000080046f4        0x4
                0x00000000080046f4                . = ALIGN (0x4)
                0x00000000080046f4                PROVIDE (__init_array_start = .)
 *(SORT_BY_NAME(.init_array.*))
 *(.init_array*)
 .init_array    0x00000000080046f4        0x4 c:/st/stm32cubeide_1.10.1/stm32cubeide/plugins/com.st.stm32cube.ide.mcu.externaltools.gnu-tools-for-stm32.10.3-2021.10.win32_1.0.0.202111181127/tools/bin/../lib/gcc/arm-none-eabi/10.3.1/thumb/v7e-m+fp/hard/crtbegin.o
                0x00000000080046f8                PROVIDE (__init_array_end = .)
                0x00000000080046f8                . = ALIGN (0x4)

.fini_array     0x00000000080046f8        0x4
                0x00000000080046f8                . = ALIGN (0x4)
                [!provide]                        PROVIDE (__fini_array_start = .)
 *(SORT_BY_NAME(.fini_array.*))
 *(.fini_array*)
 .fini_array    0x00000000080046f8        0x4 c:/st/stm32cubeide_1.10.1/stm32cubeide/plugins/com.st.stm32cube.ide.mcu.externaltools.gnu-tools-for-stm32.10.3-2021.10.win32_1.0.0.202111181127/tools/bin/../lib/gcc/arm-none-eabi/10.3.1/thumb/v7e-m+fp/hard/crtbegin.o
                [!provide]                        PROVIDE (__fini_array_end = .)
                0x00000000080046fc                . = ALIGN (0x4)
                0x00000000080046fc                _sidata = LOADADDR (.data)

.data           0x0000000020000000        0xc load address 0x00000000080046fc
                0x0000000020000000                . = ALIGN (0x4)
                0x0000000020000000                _sdata = .
 *(.data)
 *(.data*)
 .data.SystemCoreClock
                0x0000000020000000        0x4 ./Core/Src/system_stm32f4xx.o
                0x0000000020000000                SystemCoreClock
 .data.uwTickPrio
                0x0000000020000004        0x4 ./Drivers/STM32F4xx_HAL_Driver/Src/stm32f4xx_hal.o
                0x0000000020000004                uwTickPrio
 .data.uwTickFreq
                0x0000000020000008        0x1 ./Drivers/STM32F4xx_HAL_Driver/Src/stm32f4xx_hal.o
                0x0000000020000008                uwTickFreq
 *(.RamFunc)
 *(.RamFunc*)
                0x000000002000000c                . = ALIGN (0x4)
 *fill*         0x0000000020000009        0x3 
                0x000000002000000c                _edata = .

.igot.plt       0x000000002000000c        0x0 load address 0x0000000008004708
 .igot.plt      0x000000002000000c        0x0 c:/st/stm32cubeide_1.10.1/stm32cubeide/plugins/com.st.stm32cube.ide.mcu.externaltools.gnu-tools-for-stm32.10.3-2021.10.win32_1.0.0.202111181127/tools/bin/../lib/gcc/arm-none-eabi/10.3.1/thumb/v7e-m+fp/hard/crtbegin.o
                0x000000002000000c                . = ALIGN (0x4)

.bss            0x000000002000000c      0x100 load address 0x0000000008004708
                0x000000002000000c                _sbss = .
                0x000000002000000c                __bss_start__ = _sbss
 *(.bss)
 .bss           0x000000002000000c       0x1c c:/st/stm32cubeide_1.10.1/stm32cubeide/plugins/com.st.stm32cube.ide.mcu.externaltools.gnu-tools-for-stm32.10.3-2021.10.win32_1.0.0.202111181127/tools/bin/../lib/gcc/arm-none-eabi/10.3.1/thumb/v7e-m+fp/hard/crtbegin.o
 *(.bss*)
 .bss.chipID    0x0000000020000028        0x1 ./Core/Src/BME280_STM32.o
                0x0000000020000028                chipID
 *fill*         0x0000000020000029        0x3 
 .bss.tRaw      0x000000002000002c        0x4 ./Core/Src/BME280_STM32.o
                0x000000002000002c                tRaw
 .bss.pRaw      0x0000000020000030        0x4 ./Core/Src/BME280_STM32.o
                0x0000000020000030                pRaw
 .bss.hRaw      0x0000000020000034        0x4 ./Core/Src/BME280_STM32.o
                0x0000000020000034                hRaw
 .bss.dig_T1    0x0000000020000038        0x2 ./Core/Src/BME280_STM32.o
                0x0000000020000038                dig_T1
 .bss.dig_P1    0x000000002000003a        0x2 ./Core/Src/BME280_STM32.o
                0x000000002000003a                dig_P1
 .bss.dig_H1    0x000000002000003c        0x2 ./Core/Src/BME280_STM32.o
                0x000000002000003c                dig_H1
 .bss.dig_H3    0x000000002000003e        0x2 ./Core/Src/BME280_STM32.o
                0x000000002000003e                dig_H3
 .bss.dig_T2    0x0000000020000040        0x2 ./Core/Src/BME280_STM32.o
                0x0000000020000040                dig_T2
 .bss.dig_T3    0x0000000020000042        0x2 ./Core/Src/BME280_STM32.o
                0x0000000020000042                dig_T3
 .bss.dig_P2    0x0000000020000044        0x2 ./Core/Src/BME280_STM32.o
                0x0000000020000044                dig_P2
 .bss.dig_P3    0x0000000020000046        0x2 ./Core/Src/BME280_STM32.o
                0x0000000020000046                dig_P3
 .bss.dig_P4    0x0000000020000048        0x2 ./Core/Src/BME280_STM32.o
                0x0000000020000048                dig_P4
 .bss.dig_P5    0x000000002000004a        0x2 ./Core/Src/BME280_STM32.o
                0x000000002000004a                dig_P5
 .bss.dig_P6    0x000000002000004c        0x2 ./Core/Src/BME280_STM32.o
                0x000000002000004c                dig_P6
 .bss.dig_P7    0x000000002000004e        0x2 ./Core/Src/BME280_STM32.o
                0x000000002000004e                dig_P7
 .bss.dig_P8    0x0000000020000050        0x2 ./Core/Src/BME280_STM32.o
                0x0000000020000050                dig_P8
 .bss.dig_P9    0x0000000020000052        0x2 ./Core/Src/BME280_STM32.o
                0x0000000020000052                dig_P9
 .bss.dig_H2    0x0000000020000054        0x2 ./Core/Src/BME280_STM32.o
                0x0000000020000054                dig_H2
 .bss.dig_H4    0x0000000020000056        0x2 ./Core/Src/BME280_STM32.o
                0x0000000020000056                dig_H4
 .bss.dig_H5    0x0000000020000058        0x2 ./Core/Src/BME280_STM32.o
                0x0000000020000058                dig_H5
 .bss.dig_H6    0x000000002000005a        0x2 ./Core/Src/BME280_STM32.o
                0x000000002000005a                dig_H6
 .bss.t_fine    0x000000002000005c        0x4 ./Core/Src/BME280_STM32.o
                0x000000002000005c                t_fine
 .bss.hadc1     0x0000000020000060       0x48 ./Core/Src/main.o
                0x0000000020000060                hadc1
 .bss.hi2c1     0x00000000200000a8       0x54 ./Core/Src/main.o
                0x00000000200000a8                hi2c1
 .bss.Temperature
                0x00000000200000fc        0x4 ./Core/Src/main.o
                0x00000000200000fc                Temperature
 .bss.Pressure  0x0000000020000100        0x4 ./Core/Src/main.o
                0x0000000020000100                Pressure
 .bss.Humidity  0x0000000020000104        0x4 ./Core/Src/main.o
                0x0000000020000104                Humidity
 .bss.uwTick    0x0000000020000108        0x4 ./Drivers/STM32F4xx_HAL_Driver/Src/stm32f4xx_hal.o
                0x0000000020000108                uwTick
 *(COMMON)
                0x000000002000010c                . = ALIGN (0x4)
                0x000000002000010c                _ebss = .
                0x000000002000010c                __bss_end__ = _ebss

._user_heap_stack
                0x000000002000010c      0x604 load address 0x0000000008004708
                0x0000000020000110                . = ALIGN (0x8)
 *fill*         0x000000002000010c        0x4 
                [!provide]                        PROVIDE (end = .)
                0x0000000020000110                PROVIDE (_end = .)
                0x0000000020000310                . = (. + _Min_Heap_Size)
 *fill*         0x0000000020000110      0x200 
                0x0000000020000710                . = (. + _Min_Stack_Size)
 *fill*         0x0000000020000310      0x400 
                0x0000000020000710                . = ALIGN (0x8)

/DISCARD/
 libc.a(*)
 libm.a(*)
 libgcc.a(*)

.ARM.attributes
                0x0000000000000000       0x30
 *(.ARM.attributes)
 .ARM.attributes
                0x0000000000000000       0x1e c:/st/stm32cubeide_1.10.1/stm32cubeide/plugins/com.st.stm32cube.ide.mcu.externaltools.gnu-tools-for-stm32.10.3-2021.10.win32_1.0.0.202111181127/tools/bin/../lib/gcc/arm-none-eabi/10.3.1/thumb/v7e-m+fp/hard/crti.o
 .ARM.attributes
                0x000000000000001e       0x34 c:/st/stm32cubeide_1.10.1/stm32cubeide/plugins/com.st.stm32cube.ide.mcu.externaltools.gnu-tools-for-stm32.10.3-2021.10.win32_1.0.0.202111181127/tools/bin/../lib/gcc/arm-none-eabi/10.3.1/thumb/v7e-m+fp/hard/crtbegin.o
 .ARM.attributes
                0x0000000000000052       0x34 ./Core/Src/BME280_STM32.o
 .ARM.attributes
                0x0000000000000086       0x34 ./Core/Src/i2c-lcd.o
 .ARM.attributes
                0x00000000000000ba       0x34 ./Core/Src/main.o
 .ARM.attributes
                0x00000000000000ee       0x34 ./Core/Src/stm32f4xx_hal_msp.o
 .ARM.attributes
                0x0000000000000122       0x34 ./Core/Src/stm32f4xx_it.o
 .ARM.attributes
                0x0000000000000156       0x34 ./Core/Src/system_stm32f4xx.o
 .ARM.attributes
                0x000000000000018a       0x21 ./Core/Startup/startup_stm32f401retx.o
 .ARM.attributes
                0x00000000000001ab       0x34 ./Drivers/STM32F4xx_HAL_Driver/Src/stm32f4xx_hal.o
 .ARM.attributes
                0x00000000000001df       0x34 ./Drivers/STM32F4xx_HAL_Driver/Src/stm32f4xx_hal_adc.o
 .ARM.attributes
                0x0000000000000213       0x34 ./Drivers/STM32F4xx_HAL_Driver/Src/stm32f4xx_hal_cortex.o
 .ARM.attributes
                0x0000000000000247       0x34 ./Drivers/STM32F4xx_HAL_Driver/Src/stm32f4xx_hal_gpio.o
 .ARM.attributes
                0x000000000000027b       0x34 ./Drivers/STM32F4xx_HAL_Driver/Src/stm32f4xx_hal_i2c.o
 .ARM.attributes
                0x00000000000002af       0x34 ./Drivers/STM32F4xx_HAL_Driver/Src/stm32f4xx_hal_rcc.o
 .ARM.attributes
                0x00000000000002e3       0x34 c:/st/stm32cubeide_1.10.1/stm32cubeide/plugins/com.st.stm32cube.ide.mcu.externaltools.gnu-tools-for-stm32.10.3-2021.10.win32_1.0.0.202111181127/tools/bin/../lib/gcc/arm-none-eabi/10.3.1/../../../../arm-none-eabi/lib/thumb/v7e-m+fp/hard\libc_nano.a(lib_a-init.o)
 .ARM.attributes
                0x0000000000000317       0x34 c:/st/stm32cubeide_1.10.1/stm32cubeide/plugins/com.st.stm32cube.ide.mcu.externaltools.gnu-tools-for-stm32.10.3-2021.10.win32_1.0.0.202111181127/tools/bin/../lib/gcc/arm-none-eabi/10.3.1/../../../../arm-none-eabi/lib/thumb/v7e-m+fp/hard\libc_nano.a(lib_a-memset.o)
 .ARM.attributes
                0x000000000000034b       0x1e c:/st/stm32cubeide_1.10.1/stm32cubeide/plugins/com.st.stm32cube.ide.mcu.externaltools.gnu-tools-for-stm32.10.3-2021.10.win32_1.0.0.202111181127/tools/bin/../lib/gcc/arm-none-eabi/10.3.1/thumb/v7e-m+fp/hard\libgcc.a(_arm_addsubdf3.o)
 .ARM.attributes
                0x0000000000000369       0x1e c:/st/stm32cubeide_1.10.1/stm32cubeide/plugins/com.st.stm32cube.ide.mcu.externaltools.gnu-tools-for-stm32.10.3-2021.10.win32_1.0.0.202111181127/tools/bin/../lib/gcc/arm-none-eabi/10.3.1/thumb/v7e-m+fp/hard\libgcc.a(_arm_muldivdf3.o)
 .ARM.attributes
                0x0000000000000387       0x1e c:/st/stm32cubeide_1.10.1/stm32cubeide/plugins/com.st.stm32cube.ide.mcu.externaltools.gnu-tools-for-stm32.10.3-2021.10.win32_1.0.0.202111181127/tools/bin/../lib/gcc/arm-none-eabi/10.3.1/thumb/v7e-m+fp/hard\libgcc.a(_arm_truncdfsf2.o)
 .ARM.attributes
                0x00000000000003a5       0x1e c:/st/stm32cubeide_1.10.1/stm32cubeide/plugins/com.st.stm32cube.ide.mcu.externaltools.gnu-tools-for-stm32.10.3-2021.10.win32_1.0.0.202111181127/tools/bin/../lib/gcc/arm-none-eabi/10.3.1/thumb/v7e-m+fp/hard\libgcc.a(_aeabi_ldivmod.o)
 .ARM.attributes
                0x00000000000003c3       0x1e c:/st/stm32cubeide_1.10.1/stm32cubeide/plugins/com.st.stm32cube.ide.mcu.externaltools.gnu-tools-for-stm32.10.3-2021.10.win32_1.0.0.202111181127/tools/bin/../lib/gcc/arm-none-eabi/10.3.1/thumb/v7e-m+fp/hard\libgcc.a(_aeabi_uldivmod.o)
 .ARM.attributes
                0x00000000000003e1       0x34 c:/st/stm32cubeide_1.10.1/stm32cubeide/plugins/com.st.stm32cube.ide.mcu.externaltools.gnu-tools-for-stm32.10.3-2021.10.win32_1.0.0.202111181127/tools/bin/../lib/gcc/arm-none-eabi/10.3.1/thumb/v7e-m+fp/hard\libgcc.a(_udivmoddi4.o)
 .ARM.attributes
                0x0000000000000415       0x1e c:/st/stm32cubeide_1.10.1/stm32cubeide/plugins/com.st.stm32cube.ide.mcu.externaltools.gnu-tools-for-stm32.10.3-2021.10.win32_1.0.0.202111181127/tools/bin/../lib/gcc/arm-none-eabi/10.3.1/thumb/v7e-m+fp/hard\libgcc.a(_dvmd_tls.o)
 .ARM.attributes
                0x0000000000000433       0x1e c:/st/stm32cubeide_1.10.1/stm32cubeide/plugins/com.st.stm32cube.ide.mcu.externaltools.gnu-tools-for-stm32.10.3-2021.10.win32_1.0.0.202111181127/tools/bin/../lib/gcc/arm-none-eabi/10.3.1/thumb/v7e-m+fp/hard/crtn.o
OUTPUT(ece198.elf elf32-littlearm)
LOAD linker stubs
LOAD c:/st/stm32cubeide_1.10.1/stm32cubeide/plugins/com.st.stm32cube.ide.mcu.externaltools.gnu-tools-for-stm32.10.3-2021.10.win32_1.0.0.202111181127/tools/bin/../lib/gcc/arm-none-eabi/10.3.1/../../../../arm-none-eabi/lib/thumb/v7e-m+fp/hard\libc.a
LOAD c:/st/stm32cubeide_1.10.1/stm32cubeide/plugins/com.st.stm32cube.ide.mcu.externaltools.gnu-tools-for-stm32.10.3-2021.10.win32_1.0.0.202111181127/tools/bin/../lib/gcc/arm-none-eabi/10.3.1/../../../../arm-none-eabi/lib/thumb/v7e-m+fp/hard\libm.a
LOAD c:/st/stm32cubeide_1.10.1/stm32cubeide/plugins/com.st.stm32cube.ide.mcu.externaltools.gnu-tools-for-stm32.10.3-2021.10.win32_1.0.0.202111181127/tools/bin/../lib/gcc/arm-none-eabi/10.3.1/thumb/v7e-m+fp/hard\libgcc.a

.debug_info     0x0000000000000000     0x9083
 .debug_info    0x0000000000000000      0xb0a ./Core/Src/BME280_STM32.o
 .debug_info    0x0000000000000b0a      0x79f ./Core/Src/i2c-lcd.o
 .debug_info    0x00000000000012a9      0xf22 ./Core/Src/main.o
 .debug_info    0x00000000000021cb      0xd0a ./Core/Src/stm32f4xx_hal_msp.o
 .debug_info    0x0000000000002ed5      0x121 ./Core/Src/stm32f4xx_it.o
 .debug_info    0x0000000000002ff6      0x54f ./Core/Src/system_stm32f4xx.o
 .debug_info    0x0000000000003545       0x22 ./Core/Startup/startup_stm32f401retx.o
 .debug_info    0x0000000000003567      0x906 ./Drivers/STM32F4xx_HAL_Driver/Src/stm32f4xx_hal.o
 .debug_info    0x0000000000003e6d      0xd68 ./Drivers/STM32F4xx_HAL_Driver/Src/stm32f4xx_hal_adc.o
 .debug_info    0x0000000000004bd5      0xd85 ./Drivers/STM32F4xx_HAL_Driver/Src/stm32f4xx_hal_cortex.o
 .debug_info    0x000000000000595a      0x78e ./Drivers/STM32F4xx_HAL_Driver/Src/stm32f4xx_hal_gpio.o
 .debug_info    0x00000000000060e8     0x260f ./Drivers/STM32F4xx_HAL_Driver/Src/stm32f4xx_hal_i2c.o
 .debug_info    0x00000000000086f7      0x98c ./Drivers/STM32F4xx_HAL_Driver/Src/stm32f4xx_hal_rcc.o

.debug_abbrev   0x0000000000000000     0x1867
 .debug_abbrev  0x0000000000000000      0x251 ./Core/Src/BME280_STM32.o
 .debug_abbrev  0x0000000000000251      0x1ef ./Core/Src/i2c-lcd.o
 .debug_abbrev  0x0000000000000440      0x289 ./Core/Src/main.o
 .debug_abbrev  0x00000000000006c9      0x194 ./Core/Src/stm32f4xx_hal_msp.o
 .debug_abbrev  0x000000000000085d       0x74 ./Core/Src/stm32f4xx_it.o
 .debug_abbrev  0x00000000000008d1      0x116 ./Core/Src/system_stm32f4xx.o
 .debug_abbrev  0x00000000000009e7       0x12 ./Core/Startup/startup_stm32f401retx.o
 .debug_abbrev  0x00000000000009f9      0x23e ./Drivers/STM32F4xx_HAL_Driver/Src/stm32f4xx_hal.o
 .debug_abbrev  0x0000000000000c37      0x204 ./Drivers/STM32F4xx_HAL_Driver/Src/stm32f4xx_hal_adc.o
 .debug_abbrev  0x0000000000000e3b      0x316 ./Drivers/STM32F4xx_HAL_Driver/Src/stm32f4xx_hal_cortex.o
 .debug_abbrev  0x0000000000001151      0x1c4 ./Drivers/STM32F4xx_HAL_Driver/Src/stm32f4xx_hal_gpio.o
 .debug_abbrev  0x0000000000001315      0x2a8 ./Drivers/STM32F4xx_HAL_Driver/Src/stm32f4xx_hal_i2c.o
 .debug_abbrev  0x00000000000015bd      0x2aa ./Drivers/STM32F4xx_HAL_Driver/Src/stm32f4xx_hal_rcc.o

.debug_aranges  0x0000000000000000      0x840
 .debug_aranges
                0x0000000000000000       0x58 ./Core/Src/BME280_STM32.o
 .debug_aranges
                0x0000000000000058       0x40 ./Core/Src/i2c-lcd.o
 .debug_aranges
                0x0000000000000098       0x48 ./Core/Src/main.o
 .debug_aranges
                0x00000000000000e0       0x40 ./Core/Src/stm32f4xx_hal_msp.o
 .debug_aranges
                0x0000000000000120       0x60 ./Core/Src/stm32f4xx_it.o
 .debug_aranges
                0x0000000000000180       0x28 ./Core/Src/system_stm32f4xx.o
 .debug_aranges
                0x00000000000001a8       0x28 ./Core/Startup/startup_stm32f401retx.o
 .debug_aranges
                0x00000000000001d0       0xf0 ./Drivers/STM32F4xx_HAL_Driver/Src/stm32f4xx_hal.o
 .debug_aranges
                0x00000000000002c0       0xe8 ./Drivers/STM32F4xx_HAL_Driver/Src/stm32f4xx_hal_adc.o
 .debug_aranges
                0x00000000000003a8      0x118 ./Drivers/STM32F4xx_HAL_Driver/Src/stm32f4xx_hal_cortex.o
 .debug_aranges
                0x00000000000004c0       0x58 ./Drivers/STM32F4xx_HAL_Driver/Src/stm32f4xx_hal_gpio.o
 .debug_aranges
                0x0000000000000518      0x2a0 ./Drivers/STM32F4xx_HAL_Driver/Src/stm32f4xx_hal_i2c.o
 .debug_aranges
                0x00000000000007b8       0x88 ./Drivers/STM32F4xx_HAL_Driver/Src/stm32f4xx_hal_rcc.o

.debug_ranges   0x0000000000000000      0x790
 .debug_ranges  0x0000000000000000       0x48 ./Core/Src/BME280_STM32.o
 .debug_ranges  0x0000000000000048       0x30 ./Core/Src/i2c-lcd.o
 .debug_ranges  0x0000000000000078       0x38 ./Core/Src/main.o
 .debug_ranges  0x00000000000000b0       0x30 ./Core/Src/stm32f4xx_hal_msp.o
 .debug_ranges  0x00000000000000e0       0x50 ./Core/Src/stm32f4xx_it.o
 .debug_ranges  0x0000000000000130       0x18 ./Core/Src/system_stm32f4xx.o
 .debug_ranges  0x0000000000000148       0x20 ./Core/Startup/startup_stm32f401retx.o
 .debug_ranges  0x0000000000000168       0xe0 ./Drivers/STM32F4xx_HAL_Driver/Src/stm32f4xx_hal.o
 .debug_ranges  0x0000000000000248       0xd8 ./Drivers/STM32F4xx_HAL_Driver/Src/stm32f4xx_hal_adc.o
 .debug_ranges  0x0000000000000320      0x108 ./Drivers/STM32F4xx_HAL_Driver/Src/stm32f4xx_hal_cortex.o
 .debug_ranges  0x0000000000000428       0x48 ./Drivers/STM32F4xx_HAL_Driver/Src/stm32f4xx_hal_gpio.o
 .debug_ranges  0x0000000000000470      0x2a8 ./Drivers/STM32F4xx_HAL_Driver/Src/stm32f4xx_hal_i2c.o
 .debug_ranges  0x0000000000000718       0x78 ./Drivers/STM32F4xx_HAL_Driver/Src/stm32f4xx_hal_rcc.o

.debug_macro    0x0000000000000000    0x16003
 .debug_macro   0x0000000000000000      0x212 ./Core/Src/BME280_STM32.o
 .debug_macro   0x0000000000000212      0xa78 ./Core/Src/BME280_STM32.o
 .debug_macro   0x0000000000000c8a      0x29b ./Core/Src/BME280_STM32.o
 .debug_macro   0x0000000000000f25       0x2e ./Core/Src/BME280_STM32.o
 .debug_macro   0x0000000000000f53       0x28 ./Core/Src/BME280_STM32.o
 .debug_macro   0x0000000000000f7b       0x22 ./Core/Src/BME280_STM32.o
 .debug_macro   0x0000000000000f9d       0x8e ./Core/Src/BME280_STM32.o
 .debug_macro   0x000000000000102b       0x51 ./Core/Src/BME280_STM32.o
 .debug_macro   0x000000000000107c      0x103 ./Core/Src/BME280_STM32.o
 .debug_macro   0x000000000000117f       0x6a ./Core/Src/BME280_STM32.o
 .debug_macro   0x00000000000011e9      0x1df ./Core/Src/BME280_STM32.o
 .debug_macro   0x00000000000013c8       0x1c ./Core/Src/BME280_STM32.o
 .debug_macro   0x00000000000013e4       0x22 ./Core/Src/BME280_STM32.o
 .debug_macro   0x0000000000001406       0xd9 ./Core/Src/BME280_STM32.o
 .debug_macro   0x00000000000014df     0x102d ./Core/Src/BME280_STM32.o
 .debug_macro   0x000000000000250c      0x11f ./Core/Src/BME280_STM32.o
 .debug_macro   0x000000000000262b     0xb86c ./Core/Src/BME280_STM32.o
 .debug_macro   0x000000000000de97       0x6d ./Core/Src/BME280_STM32.o
 .debug_macro   0x000000000000df04     0x367e ./Core/Src/BME280_STM32.o
 .debug_macro   0x0000000000011582      0x174 ./Core/Src/BME280_STM32.o
 .debug_macro   0x00000000000116f6       0x5c ./Core/Src/BME280_STM32.o
 .debug_macro   0x0000000000011752      0x416 ./Core/Src/BME280_STM32.o
 .debug_macro   0x0000000000011b68      0x9fe ./Core/Src/BME280_STM32.o
 .debug_macro   0x0000000000012566      0x115 ./Core/Src/BME280_STM32.o
 .debug_macro   0x000000000001267b       0xf8 ./Core/Src/BME280_STM32.o
 .debug_macro   0x0000000000012773       0xa5 ./Core/Src/BME280_STM32.o
 .debug_macro   0x0000000000012818      0x15f ./Core/Src/BME280_STM32.o
 .debug_macro   0x0000000000012977      0x287 ./Core/Src/BME280_STM32.o
 .debug_macro   0x0000000000012bfe       0x5f ./Core/Src/BME280_STM32.o
 .debug_macro   0x0000000000012c5d      0x236 ./Core/Src/BME280_STM32.o
 .debug_macro   0x0000000000012e93      0x9e1 ./Core/Src/BME280_STM32.o
 .debug_macro   0x0000000000013874      0x38b ./Core/Src/BME280_STM32.o
 .debug_macro   0x0000000000013bff      0x176 ./Core/Src/BME280_STM32.o
 .debug_macro   0x0000000000013d75       0xf9 ./Core/Src/BME280_STM32.o
 .debug_macro   0x0000000000013e6e      0x132 ./Core/Src/BME280_STM32.o
 .debug_macro   0x0000000000013fa0      0x264 ./Core/Src/BME280_STM32.o
 .debug_macro   0x0000000000014204       0x2e ./Core/Src/BME280_STM32.o
 .debug_macro   0x0000000000014232      0x1b5 ./Core/Src/BME280_STM32.o
 .debug_macro   0x00000000000143e7       0x22 ./Core/Src/BME280_STM32.o
 .debug_macro   0x0000000000014409       0xd6 ./Core/Src/BME280_STM32.o
 .debug_macro   0x00000000000144df      0x11a ./Core/Src/BME280_STM32.o
 .debug_macro   0x00000000000145f9       0x85 ./Core/Src/BME280_STM32.o
 .debug_macro   0x000000000001467e       0x89 ./Core/Src/BME280_STM32.o
 .debug_macro   0x0000000000014707      0x126 ./Core/Src/BME280_STM32.o
 .debug_macro   0x000000000001482d       0xb2 ./Core/Src/BME280_STM32.o
 .debug_macro   0x00000000000148df      0x1fb ./Core/Src/i2c-lcd.o
 .debug_macro   0x0000000000014ada      0x208 ./Core/Src/main.o
 .debug_macro   0x0000000000014ce2       0xb8 ./Core/Src/main.o
 .debug_macro   0x0000000000014d9a      0x1fb ./Core/Src/stm32f4xx_hal_msp.o
 .debug_macro   0x0000000000014f95      0x205 ./Core/Src/stm32f4xx_it.o
 .debug_macro   0x000000000001519a      0x1f1 ./Core/Src/system_stm32f4xx.o
 .debug_macro   0x000000000001538b      0x251 ./Drivers/STM32F4xx_HAL_Driver/Src/stm32f4xx_hal.o
 .debug_macro   0x00000000000155dc      0x1f2 ./Drivers/STM32F4xx_HAL_Driver/Src/stm32f4xx_hal_adc.o
 .debug_macro   0x00000000000157ce      0x1f1 ./Drivers/STM32F4xx_HAL_Driver/Src/stm32f4xx_hal_cortex.o
 .debug_macro   0x00000000000159bf      0x1f7 ./Drivers/STM32F4xx_HAL_Driver/Src/stm32f4xx_hal_gpio.o
 .debug_macro   0x0000000000015bb6      0x238 ./Drivers/STM32F4xx_HAL_Driver/Src/stm32f4xx_hal_i2c.o
 .debug_macro   0x0000000000015dee      0x215 ./Drivers/STM32F4xx_HAL_Driver/Src/stm32f4xx_hal_rcc.o

.debug_line     0x0000000000000000     0xabea
 .debug_line    0x0000000000000000      0xb3d ./Core/Src/BME280_STM32.o
 .debug_line    0x0000000000000b3d      0x7a6 ./Core/Src/i2c-lcd.o
 .debug_line    0x00000000000012e3      0x839 ./Core/Src/main.o
 .debug_line    0x0000000000001b1c      0x77f ./Core/Src/stm32f4xx_hal_msp.o
 .debug_line    0x000000000000229b      0x7ad ./Core/Src/stm32f4xx_it.o
 .debug_line    0x0000000000002a48      0x76c ./Core/Src/system_stm32f4xx.o
 .debug_line    0x00000000000031b4       0x88 ./Core/Startup/startup_stm32f401retx.o
 .debug_line    0x000000000000323c      0x9d2 ./Drivers/STM32F4xx_HAL_Driver/Src/stm32f4xx_hal.o
 .debug_line    0x0000000000003c0e     0x117c ./Drivers/STM32F4xx_HAL_Driver/Src/stm32f4xx_hal_adc.o
 .debug_line    0x0000000000004d8a      0xc81 ./Drivers/STM32F4xx_HAL_Driver/Src/stm32f4xx_hal_cortex.o
 .debug_line    0x0000000000005a0b      0xb0a ./Drivers/STM32F4xx_HAL_Driver/Src/stm32f4xx_hal_gpio.o
 .debug_line    0x0000000000006515     0x3987 ./Drivers/STM32F4xx_HAL_Driver/Src/stm32f4xx_hal_i2c.o
 .debug_line    0x0000000000009e9c      0xd4e ./Drivers/STM32F4xx_HAL_Driver/Src/stm32f4xx_hal_rcc.o

.debug_str      0x0000000000000000    0x8cd6e
 .debug_str     0x0000000000000000    0x8a78d ./Core/Src/BME280_STM32.o
                                      0x8aa6a (size before relaxing)
 .debug_str     0x000000000008a78d       0x98 ./Core/Src/i2c-lcd.o
                                      0x8a6e5 (size before relaxing)
 .debug_str     0x000000000008a825      0x489 ./Core/Src/main.o
                                      0x8ad1b (size before relaxing)
 .debug_str     0x000000000008acae       0xfa ./Core/Src/stm32f4xx_hal_msp.o
                                      0x8a9a5 (size before relaxing)
 .debug_str     0x000000000008ada8       0xc9 ./Core/Src/stm32f4xx_it.o
                                      0x8a1c9 (size before relaxing)
 .debug_str     0x000000000008ae71       0xdb ./Core/Src/system_stm32f4xx.o
                                      0x8a305 (size before relaxing)
 .debug_str     0x000000000008af4c       0x36 ./Core/Startup/startup_stm32f401retx.o
                                         0x70 (size before relaxing)
 .debug_str     0x000000000008af82      0x9ae ./Drivers/STM32F4xx_HAL_Driver/Src/stm32f4xx_hal.o
                                      0x8ad27 (size before relaxing)
 .debug_str     0x000000000008b930      0x2d7 ./Drivers/STM32F4xx_HAL_Driver/Src/stm32f4xx_hal_adc.o
                                      0x8a8e0 (size before relaxing)
 .debug_str     0x000000000008bc07      0x343 ./Drivers/STM32F4xx_HAL_Driver/Src/stm32f4xx_hal_cortex.o
                                      0x8aa48 (size before relaxing)
 .debug_str     0x000000000008bf4a      0x15d ./Drivers/STM32F4xx_HAL_Driver/Src/stm32f4xx_hal_gpio.o
                                      0x8a480 (size before relaxing)
 .debug_str     0x000000000008c0a7      0xab4 ./Drivers/STM32F4xx_HAL_Driver/Src/stm32f4xx_hal_i2c.o
                                      0x8b2c3 (size before relaxing)
 .debug_str     0x000000000008cb5b      0x213 ./Drivers/STM32F4xx_HAL_Driver/Src/stm32f4xx_hal_rcc.o
                                      0x8a739 (size before relaxing)

.comment        0x0000000000000000       0x50
 .comment       0x0000000000000000       0x50 ./Core/Src/BME280_STM32.o
                                         0x51 (size before relaxing)
 .comment       0x0000000000000050       0x51 ./Core/Src/i2c-lcd.o
 .comment       0x0000000000000050       0x51 ./Core/Src/main.o
 .comment       0x0000000000000050       0x51 ./Core/Src/stm32f4xx_hal_msp.o
 .comment       0x0000000000000050       0x51 ./Core/Src/stm32f4xx_it.o
 .comment       0x0000000000000050       0x51 ./Core/Src/system_stm32f4xx.o
 .comment       0x0000000000000050       0x51 ./Drivers/STM32F4xx_HAL_Driver/Src/stm32f4xx_hal.o
 .comment       0x0000000000000050       0x51 ./Drivers/STM32F4xx_HAL_Driver/Src/stm32f4xx_hal_adc.o
 .comment       0x0000000000000050       0x51 ./Drivers/STM32F4xx_HAL_Driver/Src/stm32f4xx_hal_cortex.o
 .comment       0x0000000000000050       0x51 ./Drivers/STM32F4xx_HAL_Driver/Src/stm32f4xx_hal_gpio.o
 .comment       0x0000000000000050       0x51 ./Drivers/STM32F4xx_HAL_Driver/Src/stm32f4xx_hal_i2c.o
 .comment       0x0000000000000050       0x51 ./Drivers/STM32F4xx_HAL_Driver/Src/stm32f4xx_hal_rcc.o

.debug_frame    0x0000000000000000     0x22b4
 .debug_frame   0x0000000000000000      0x14c ./Core/Src/BME280_STM32.o
 .debug_frame   0x000000000000014c       0xbc ./Core/Src/i2c-lcd.o
 .debug_frame   0x0000000000000208       0xd4 ./Core/Src/main.o
 .debug_frame   0x00000000000002dc       0xc8 ./Core/Src/stm32f4xx_hal_msp.o
 .debug_frame   0x00000000000003a4      0x104 ./Core/Src/stm32f4xx_it.o
 .debug_frame   0x00000000000004a8       0x58 ./Core/Src/system_stm32f4xx.o
 .debug_frame   0x0000000000000500      0x374 ./Drivers/STM32F4xx_HAL_Driver/Src/stm32f4xx_hal.o
 .debug_frame   0x0000000000000874      0x3fc ./Drivers/STM32F4xx_HAL_Driver/Src/stm32f4xx_hal_adc.o
 .debug_frame   0x0000000000000c70      0x498 ./Drivers/STM32F4xx_HAL_Driver/Src/stm32f4xx_hal_cortex.o
 .debug_frame   0x0000000000001108      0x14c ./Drivers/STM32F4xx_HAL_Driver/Src/stm32f4xx_hal_gpio.o
 .debug_frame   0x0000000000001254      0xc5c ./Drivers/STM32F4xx_HAL_Driver/Src/stm32f4xx_hal_i2c.o
 .debug_frame   0x0000000000001eb0      0x1f4 ./Drivers/STM32F4xx_HAL_Driver/Src/stm32f4xx_hal_rcc.o
 .debug_frame   0x00000000000020a4       0x2c c:/st/stm32cubeide_1.10.1/stm32cubeide/plugins/com.st.stm32cube.ide.mcu.externaltools.gnu-tools-for-stm32.10.3-2021.10.win32_1.0.0.202111181127/tools/bin/../lib/gcc/arm-none-eabi/10.3.1/../../../../arm-none-eabi/lib/thumb/v7e-m+fp/hard\libc_nano.a(lib_a-init.o)
 .debug_frame   0x00000000000020d0       0x20 c:/st/stm32cubeide_1.10.1/stm32cubeide/plugins/com.st.stm32cube.ide.mcu.externaltools.gnu-tools-for-stm32.10.3-2021.10.win32_1.0.0.202111181127/tools/bin/../lib/gcc/arm-none-eabi/10.3.1/../../../../arm-none-eabi/lib/thumb/v7e-m+fp/hard\libc_nano.a(lib_a-memset.o)
 .debug_frame   0x00000000000020f0       0xac c:/st/stm32cubeide_1.10.1/stm32cubeide/plugins/com.st.stm32cube.ide.mcu.externaltools.gnu-tools-for-stm32.10.3-2021.10.win32_1.0.0.202111181127/tools/bin/../lib/gcc/arm-none-eabi/10.3.1/thumb/v7e-m+fp/hard\libgcc.a(_arm_addsubdf3.o)
 .debug_frame   0x000000000000219c       0x50 c:/st/stm32cubeide_1.10.1/stm32cubeide/plugins/com.st.stm32cube.ide.mcu.externaltools.gnu-tools-for-stm32.10.3-2021.10.win32_1.0.0.202111181127/tools/bin/../lib/gcc/arm-none-eabi/10.3.1/thumb/v7e-m+fp/hard\libgcc.a(_arm_muldivdf3.o)
 .debug_frame   0x00000000000021ec       0x24 c:/st/stm32cubeide_1.10.1/stm32cubeide/plugins/com.st.stm32cube.ide.mcu.externaltools.gnu-tools-for-stm32.10.3-2021.10.win32_1.0.0.202111181127/tools/bin/../lib/gcc/arm-none-eabi/10.3.1/thumb/v7e-m+fp/hard\libgcc.a(_arm_truncdfsf2.o)
 .debug_frame   0x0000000000002210       0x44 c:/st/stm32cubeide_1.10.1/stm32cubeide/plugins/com.st.stm32cube.ide.mcu.externaltools.gnu-tools-for-stm32.10.3-2021.10.win32_1.0.0.202111181127/tools/bin/../lib/gcc/arm-none-eabi/10.3.1/thumb/v7e-m+fp/hard\libgcc.a(_aeabi_ldivmod.o)
 .debug_frame   0x0000000000002254       0x2c c:/st/stm32cubeide_1.10.1/stm32cubeide/plugins/com.st.stm32cube.ide.mcu.externaltools.gnu-tools-for-stm32.10.3-2021.10.win32_1.0.0.202111181127/tools/bin/../lib/gcc/arm-none-eabi/10.3.1/thumb/v7e-m+fp/hard\libgcc.a(_aeabi_uldivmod.o)
 .debug_frame   0x0000000000002280       0x34 c:/st/stm32cubeide_1.10.1/stm32cubeide/plugins/com.st.stm32cube.ide.mcu.externaltools.gnu-tools-for-stm32.10.3-2021.10.win32_1.0.0.202111181127/tools/bin/../lib/gcc/arm-none-eabi/10.3.1/thumb/v7e-m+fp/hard\libgcc.a(_udivmoddi4.o)
