../Core/Src/i2c_lcd.c:9:6:lcd_send_cmd	32	static
../Core/Src/i2c_lcd.c:22:6:lcd_send_data	32	static
../Core/Src/i2c_lcd.c:35:6:lcd_clear	8	static
../Core/Src/i2c_lcd.c:41:6:lcd_init	8	static
../Core/Src/i2c_lcd.c:67:6:lcd_send_string	16	static
../Core/Src/i2c_lcd.c:72:6:lcd_home	8	static
../Core/Src/i2c_lcd.c:76:6:lcd_no_display	8	static
../Core/Src/i2c_lcd.c:80:6:lcd_display	8	static
../Core/Src/i2c_lcd.c:84:6:lcd_no_blink	8	static
../Core/Src/i2c_lcd.c:88:6:lcd_blink	8	static
../Core/Src/i2c_lcd.c:92:6:lcd_no_cursor	8	static
../Core/Src/i2c_lcd.c:96:6:lcd_cursor	8	static
../Core/Src/i2c_lcd.c:100:6:lcd_scroll_display_left	8	static
../Core/Src/i2c_lcd.c:103:6:lcd_scroll_display_right	8	static
../Core/Src/i2c_lcd.c:107:6:lcd_left_to_right	8	static
../Core/Src/i2c_lcd.c:111:6:lcd_right_to_left	8	static
../Core/Src/i2c_lcd.c:116:6:lcd_autoscroll	8	static
../Core/Src/i2c_lcd.c:120:6:lcd_no_autoscroll	8	static
../Core/Src/i2c_lcd.c:124:6:lcd_create_char	24	static
../Core/Src/i2c_lcd.c:130:6:lcd_set_cursor	40	static
